RAM Allocation
Variable                                                          Address   Size
--------------------------------------------------------------------------------
prim_par                                                          0160h       88
mode                                                              01B8h       19
event                                                             01CBh        1
s_dt                                                              01CCh        6
time_integration                                                  01D2h        2
timer1_valcoder                                                   01D4h        1
timer_start                                                       01D5h        2
timer_stop                                                        01D7h        1
timer_fan                                                         01D8h        1
count_fan                                                         01D9h        1
__ds1820_scratch_pad                                              01DAh        9
termometers                                                       01E3h       24
ds1820_rom_codes                                                  01FBh       36
valcoder                                                          021Fh        1
linestr                                                           0220h       20
main_menu                                                         0234h       35
parameters                                                        0257h       55
alerts                                                            028Eh       60
curr_menu                                                         02CAh       11
t_key                                                             02D5h        1
key_treated                                                       02D6h        7
error_w_stop                                                      02DDh        2
dState                                                            02DFh        2
iState                                                            02E1h        2
dt_curr_menu                                                      02E3h       11
sdt                                                               02EEh       35
settings                                                          0311h       85
menustr                                                           0366h       16
alarm                                                             0376h       32
alert_string                                                      0396h       16
signals                                                           03A6h       12
keys                                                              03B2h       70
_seed                                                             03F8h        4
p                                                                 03FCh        2

EEPROM Allocation
Variable                                                          Address   Size
--------------------------------------------------------------------------------

Register Allocation
Variable                                                          Register  Size
--------------------------------------------------------------------------------
tmp_delta                                                         R4,R5        2
tap_angle_min                                                     R6           1
need_eeprom_write                                                 R2.0      1bit
